1 2 3
2 3 4
2 3 4
11
25
13
_2
_2 _3 _4
3
12
3
1
16
6 9 12
1
0
1
0
1
1
1 0 0
42
1 2 3 4
5 6 7 8
2 3 4 5 6
5
2
1
5 7 8
6 8
2 4
0 1 2 3 4 5
4 6 8
4 9 16
15
24
1
11 22 33
6 7 8
5 10 15
11 22 33
5 5 5
10 10 10
1 4 9 16
1 4 9
0 1 0 1 0
0 1 1 0
1
1
2
1
0
1 0 1 0 1 0 1 0
9 36 81
10
20
0 0 0 0 0 0 1 1 1 1
6 7 8 9
30
