24
0 0 0 1 1
2
1
0
5 7
1 3 5 7 9
165
6 22 46
45
9 8 7 6 5 4 3 2 1 0
45
14 20 40 50
8 10
163 4375
1
