_20 _10 0 10 20
_2 _1 0 1 2
_3 _2 0 3 6
23
6 6 0
4 6 8
9 13 17
39
_1 _8 _27 _64
9 25
5 9
1 5 17
