1
0
0
2
1
0
1
0
6 8 10
0 0 0
4 9 16
1 1 1
0 0 0
4 27 256
0 0 0
0 0 0
1 1 1
0 0 0
2 3 5 7
16 36 64
0 2 4 6 8
1 3 5 7 9
945
0
14
24
0 1 2 3 4
0 1 0 1 0
1 3
4 5
1
